exports[`test Alerts renders correcly 1`] = `
<View
  style={
    Object {
      "left": 0,
      "right": 0,
    }
  } />
`;
