exports[`test Button renders correcly 1`] = `
<TouchableOpacity
  activeOpacity={0.7}
  disabled={false}
  onPress={[Function]}
  style={
    Array [
      Object {
        "backgroundColor": "#0069FF",
        "borderRadius": 3,
        "height": 50,
        "justifyContent": "center",
        "marginBottom": 10,
        "paddingHorizontal": 10,
      },
    ]
  }>
  <Text
    accessible={true}
    allowFontScaling={true}
    ellipsizeMode="tail"
    style={
      Array [
        Object {
          "color": "#222222",
          "fontFamily": "Avenir",
          "fontSize": 14,
          "fontWeight": "500",
          "lineHeight": 21,
        },
        Object {
          "color": "#FFF",
          "fontFamily": "Avenir",
          "fontSize": 15,
          "fontWeight": "800",
          "lineHeight": 22,
          "textAlign": "center",
        },
      ]
    }>
    Click Here
  </Text>
</TouchableOpacity>
`;
