exports[`test Error renders correcly 1`] = `
<View
  style={
    Array [
      Object {
        "backgroundColor": "#E9EBEE",
        "flex": 1,
        "flexDirection": "column",
        "position": "relative",
      },
      Object {
        "alignItems": "center",
        "justifyContent": "center",
      },
    ]
  }>
  <Text
    accessible={true}
    allowFontScaling={false}
    ellipsizeMode="tail"
    style={
      Array [
        Object {
          "color": "#CCC",
          "fontSize": 50,
        },
        undefined,
        Object {
          "fontFamily": "Ionicons",
          "fontStyle": "normal",
          "fontWeight": "normal",
        },
      ]
    }>
    ï„ƒ
  </Text>
  <View
    style={
      Array [
        Object {
          "height": 1,
          "left": 0,
          "marginTop": 10,
          "right": 0,
        },
      ]
    } />
  <Text
    accessible={true}
    allowFontScaling={true}
    ellipsizeMode="tail"
    style={
      Array [
        Object {
          "color": "#222222",
          "fontFamily": "Avenir",
          "fontSize": 14,
          "fontWeight": "500",
          "lineHeight": 21,
        },
      ]
    }>
    Woops, Something went wrong.
  </Text>
</View>
`;
