exports[`test Soon renders correcly 1`] = `
<View
  style={
    Array [
      Object {
        "backgroundColor": "#E9EBEE",
        "flex": 1,
        "flexDirection": "column",
        "position": "relative",
      },
      Object {
        "alignItems": "center",
        "justifyContent": "center",
      },
    ]
  }>
  <Text
    accessible={true}
    allowFontScaling={true}
    ellipsizeMode="tail"
    style={
      Array [
        Object {
          "color": "#222222",
          "fontFamily": "Avenir",
          "fontSize": 14,
          "fontWeight": "500",
          "lineHeight": 21,
        },
        Object {
          "color": "#222222",
          "fontFamily": "Avenir",
          "fontSize": 14,
          "fontWeight": "500",
          "lineHeight": 21,
          "marginBottom": 8,
        },
      ]
    }>
    Coming soon...
  </Text>
  <View
    style={
      Array [
        Object {
          "height": 1,
          "left": 0,
          "marginTop": 10,
          "right": 0,
        },
      ]
    } />
  <TouchableOpacity
    activeOpacity={0.7}
    disabled={false}
    onPress={[Function]}
    style={
      Array [
        Object {
          "backgroundColor": "#0069FF",
          "borderRadius": 3,
          "height": 50,
          "justifyContent": "center",
          "marginBottom": 10,
          "paddingHorizontal": 10,
        },
        Object {
          "backgroundColor": "transparent",
          "borderColor": "#0069FF",
          "borderWidth": 1,
        },
      ]
    }>
    <Text
      accessible={true}
      allowFontScaling={true}
      ellipsizeMode="tail"
      style={
        Array [
          Object {
            "color": "#222222",
            "fontFamily": "Avenir",
            "fontSize": 14,
            "fontWeight": "500",
            "lineHeight": 21,
          },
          Object {
            "color": "#FFF",
            "fontFamily": "Avenir",
            "fontSize": 15,
            "fontWeight": "800",
            "lineHeight": 22,
            "textAlign": "center",
          },
          Object {
            "color": "#0069FF",
          },
        ]
      }>
      Tap to test the back button
    </Text>
  </TouchableOpacity>
</View>
`;
